=== RUN   TestAnalyze
--- PASS: TestAnalyze (9.49s)
=== RUN   TestBusFactor
--- PASS: TestBusFactor (0.13s)
=== RUN   TestCorrectness
--- PASS: TestCorrectness (0.24s)
=== RUN   TestRampUp
--- PASS: TestRampUp (0.15s)
=== RUN   TestResponsiveMaintainer
--- PASS: TestResponsiveMaintainer (0.23s)
=== RUN   TestNetScore
--- PASS: TestNetScore (0.13s)
=== RUN   TestBusFactor2
--- PASS: TestBusFactor2 (0.11s)
=== RUN   TestCorrectness2
--- PASS: TestCorrectness2 (0.48s)
=== RUN   TestRampUp2
--- PASS: TestRampUp2 (0.10s)
=== RUN   TestResponsiveMaintainer2
--- PASS: TestResponsiveMaintainer2 (0.42s)
=== RUN   TestNetScore2
--- PASS: TestNetScore2 (0.10s)
=== RUN   TestBusFactor3
--- PASS: TestBusFactor3 (0.23s)
=== RUN   TestCorrectness3
--- PASS: TestCorrectness3 (0.15s)
=== RUN   TestRampUp3
--- PASS: TestRampUp3 (0.12s)
=== RUN   TestResponsiveMaintainer3
--- PASS: TestResponsiveMaintainer3 (0.25s)
=== RUN   TestNetScore3
--- PASS: TestNetScore3 (0.15s)
=== RUN   TestBusFactor_private
--- PASS: TestBusFactor_private (0.11s)
PASS
coverage: 77.3% of statements
ok  	github.com/paingp/ece461-project-cli/ratom	12.749s	coverage: 77.3% of statements
